2026-04-22 22:06:42,068 - INFO - Iniciando pipeline
2026-04-22 22:06:42,417 - INFO - Dados carregados com sucesso.
2026-04-22 22:06:42,472 - INFO - Filtragem dos últimos 10 anos concluída.
2026-04-22 22:06:42,480 - ERROR - Erro no MySQL ao criar estrutura: 1698 (28000): Access denied for user 'root'@'localhost'
2026-04-22 22:06:42,482 - ERROR - Erro ao salvar no MySQL: 1698 (28000): Access denied for user 'root'@'localhost'
2026-04-22 22:06:42,485 - ERROR - Erro ao consultar dados: 1698 (28000): Access denied for user 'root'@'localhost'
2026-04-22 22:06:42,486 - WARNING - Consulta retornou vazia.
2026-04-22 22:06:54,129 - INFO - Iniciando pipeline
2026-04-22 22:06:54,459 - INFO - Dados carregados com sucesso.
2026-04-22 22:06:54,511 - INFO - Filtragem dos últimos 10 anos concluída.
2026-04-22 22:06:54,519 - ERROR - Erro no MySQL ao criar estrutura: 1698 (28000): Access denied for user 'root'@'localhost'
2026-04-22 22:06:54,521 - ERROR - Erro ao salvar no MySQL: 1698 (28000): Access denied for user 'root'@'localhost'
2026-04-22 22:06:54,524 - ERROR - Erro ao consultar dados: 1698 (28000): Access denied for user 'root'@'localhost'
2026-04-22 22:06:54,524 - WARNING - Consulta retornou vazia.
2026-04-22 22:08:28,784 - INFO - Iniciando pipeline
2026-04-22 22:08:29,126 - INFO - Dados carregados com sucesso.
2026-04-22 22:08:29,179 - INFO - Filtragem dos últimos 10 anos concluída.
2026-04-22 22:08:29,197 - ERROR - Erro de usuário ou senha.
2026-04-22 22:08:29,200 - ERROR - Erro de usuário ou senha.
2026-04-22 22:08:29,202 - ERROR - Erro de usuário ou senha.
2026-04-22 22:08:29,202 - WARNING - Consulta retornou vazia.
2026-04-22 22:11:03,531 - INFO - Iniciando pipeline
2026-04-22 22:11:03,874 - INFO - Dados carregados com sucesso.
2026-04-22 22:11:03,926 - INFO - Filtragem dos últimos 10 anos concluída.
2026-04-22 22:11:03,934 - ERROR - Erro de usuário ou senha.
2026-04-22 22:11:03,934 - WARNING - Consulta ao banco indisponível; usando CSV tratado para análise.
2026-04-22 22:11:03,955 - INFO - Estatísticas calculadas e salvas com sucesso.
2026-04-22 22:11:04,192 - INFO - Using categorical units to plot a list of strings that are all parsable as floats or dates. If these strings should be plotted as numbers, cast to the appropriate data type before plotting.
2026-04-22 22:11:04,192 - INFO - Using categorical units to plot a list of strings that are all parsable as floats or dates. If these strings should be plotted as numbers, cast to the appropriate data type before plotting.
2026-04-22 22:11:04,301 - INFO - Gráfico de barras gerado com sucesso.
2026-04-22 22:11:04,486 - INFO - Gráfico de área empilhada gerado com sucesso.
2026-04-22 22:11:04,486 - INFO - Pipeline executado com sucesso.
2026-04-22 22:13:00,463 - INFO - Iniciando pipeline
2026-04-22 22:13:00,823 - INFO - Dados carregados com sucesso.
2026-04-22 22:13:00,877 - INFO - Filtragem dos últimos 10 anos concluída.
2026-04-22 22:13:00,884 - ERROR - Erro de usuário ou senha.
2026-04-22 22:13:00,884 - WARNING - Consulta ao banco indisponível; usando CSV tratado para análise.
2026-04-22 22:13:00,892 - INFO - Estatísticas calculadas e salvas com sucesso.
2026-04-22 22:13:01,104 - INFO - Using categorical units to plot a list of strings that are all parsable as floats or dates. If these strings should be plotted as numbers, cast to the appropriate data type before plotting.
2026-04-22 22:13:01,105 - INFO - Using categorical units to plot a list of strings that are all parsable as floats or dates. If these strings should be plotted as numbers, cast to the appropriate data type before plotting.
2026-04-22 22:13:01,206 - INFO - Gráfico de barras gerado com sucesso.
2026-04-22 22:13:01,382 - INFO - Gráfico de área empilhada gerado com sucesso.
2026-04-22 22:13:01,382 - INFO - Pipeline executado com sucesso.
2026-04-22 22:16:38,915 - INFO - Iniciando pipeline
2026-04-22 22:16:39,261 - INFO - Dados carregados com sucesso.
2026-04-22 22:16:39,316 - INFO - Filtragem dos últimos 10 anos concluída.
2026-04-22 22:16:39,323 - ERROR - Erro de usuário ou senha.
2026-04-22 22:16:39,323 - WARNING - Consulta ao banco indisponível; usando CSV tratado para análise.
2026-04-22 22:16:39,331 - INFO - Estatísticas calculadas e salvas com sucesso.
2026-04-22 22:16:39,561 - INFO - Using categorical units to plot a list of strings that are all parsable as floats or dates. If these strings should be plotted as numbers, cast to the appropriate data type before plotting.
2026-04-22 22:16:39,562 - INFO - Using categorical units to plot a list of strings that are all parsable as floats or dates. If these strings should be plotted as numbers, cast to the appropriate data type before plotting.
2026-04-22 22:16:39,665 - INFO - Gráfico de barras gerado com sucesso.
2026-04-22 22:16:39,845 - INFO - Gráfico de área empilhada gerado com sucesso.
2026-04-22 22:16:39,845 - INFO - Pipeline executado com sucesso.
2026-04-22 22:18:29,750 - INFO - Iniciando pipeline
2026-04-22 22:18:30,104 - INFO - Dados carregados com sucesso.
2026-04-22 22:18:30,159 - INFO - Filtragem dos últimos 10 anos concluída.
2026-04-22 22:18:30,166 - ERROR - Erro no MySQL ao criar estrutura: 1698 (28000): Access denied for user 'root'@'localhost'
2026-04-22 22:18:30,166 - WARNING - Consulta ao banco indisponível; usando CSV tratado para análise.
2026-04-22 22:18:30,174 - INFO - Estatísticas calculadas e salvas com sucesso.
2026-04-22 22:18:30,383 - INFO - Using categorical units to plot a list of strings that are all parsable as floats or dates. If these strings should be plotted as numbers, cast to the appropriate data type before plotting.
2026-04-22 22:18:30,384 - INFO - Using categorical units to plot a list of strings that are all parsable as floats or dates. If these strings should be plotted as numbers, cast to the appropriate data type before plotting.
2026-04-22 22:18:30,490 - INFO - Gráfico de barras gerado com sucesso.
2026-04-22 22:18:30,668 - INFO - Gráfico de área empilhada gerado com sucesso.
2026-04-22 22:18:30,668 - INFO - Pipeline executado com sucesso.
2026-04-22 22:21:19,985 - INFO - Iniciando pipeline
2026-04-22 22:21:20,334 - INFO - Dados carregados com sucesso.
2026-04-22 22:21:20,387 - INFO - Filtragem dos últimos 10 anos concluída.
2026-04-22 22:21:20,419 - INFO - Banco de dados e tabela criados/verificados com sucesso.
2026-04-22 22:21:20,624 - ERROR - Erro ao salvar no MySQL: 1054 (42S22): Unknown column 'nan' in 'field list'
2026-04-22 22:21:20,652 - WARNING - Consulta ao banco indisponível; usando CSV tratado para análise.
2026-04-22 22:21:20,661 - INFO - Estatísticas calculadas e salvas com sucesso.
2026-04-22 22:21:20,878 - INFO - Using categorical units to plot a list of strings that are all parsable as floats or dates. If these strings should be plotted as numbers, cast to the appropriate data type before plotting.
2026-04-22 22:21:20,879 - INFO - Using categorical units to plot a list of strings that are all parsable as floats or dates. If these strings should be plotted as numbers, cast to the appropriate data type before plotting.
2026-04-22 22:21:20,976 - INFO - Gráfico de barras gerado com sucesso.
2026-04-22 22:21:21,178 - INFO - Gráfico de área empilhada gerado com sucesso.
2026-04-22 22:21:21,178 - INFO - Pipeline executado com sucesso.
2026-04-22 22:24:29,560 - INFO - Dados carregados com sucesso.
2026-04-22 22:24:29,613 - INFO - Filtragem dos últimos 10 anos concluída.
2026-04-22 22:26:57,461 - INFO - Dados carregados com sucesso.
2026-04-22 22:26:57,514 - INFO - Filtragem dos últimos 10 anos concluída.
2026-04-22 22:26:58,358 - INFO - Using categorical units to plot a list of strings that are all parsable as floats or dates. If these strings should be plotted as numbers, cast to the appropriate data type before plotting.
2026-04-22 22:26:58,358 - INFO - Using categorical units to plot a list of strings that are all parsable as floats or dates. If these strings should be plotted as numbers, cast to the appropriate data type before plotting.
2026-04-22 22:29:38,417 - INFO - Dados carregados com sucesso.
2026-04-22 22:29:38,471 - INFO - Filtragem dos últimos 10 anos concluída.
2026-04-22 22:31:55,187 - INFO - Using categorical units to plot a list of strings that are all parsable as floats or dates. If these strings should be plotted as numbers, cast to the appropriate data type before plotting.
2026-04-22 22:31:55,188 - INFO - Using categorical units to plot a list of strings that are all parsable as floats or dates. If these strings should be plotted as numbers, cast to the appropriate data type before plotting.
